../Core/Src/Nokia5110.c:11:6:Nokia5110_Init	8	static
../Core/Src/Nokia5110.c:37:6:Nokia5110_Update	8	static
../Core/Src/Nokia5110.c:52:6:Nokia5110_Reset	8	static
../Core/Src/Nokia5110.c:60:6:Nokia5110_Clear	16	static
../Core/Src/Nokia5110.c:67:6:Nokia5110_SetPixel	24	static
../Core/Src/Nokia5110.c:90:6:setPixel	16	static
../Core/Src/Nokia5110.c:97:6:clearPixel	16	static
../Core/Src/Nokia5110.c:103:6:setChar	40	static
../Core/Src/Nokia5110.c:120:6:Nokia5110_setStr	32	static
../Core/Src/Nokia5110.c:140:6:Nokia5110_Write	16	static
../Core/Src/Nokia5110.c:160:7:Nokia5110_BufferWrite	16	static
